2026-08-18 09:08:14,099 [INFO] orchestrator: Starting: /home/davidowoh/SelfCraft Media/Raw Videos/Recorded Classes/Youth Compass Guide/Week 3/Module 1/Lesson 1 - Test.mp4
2026-08-18 09:12:30,776 [INFO] orchestrator: Completed: /home/davidowoh/SelfCraft Media/Edited Videos/Lesson 1 - Test (Edited v2).mp4
2026-08-18 10:28:47,363 [INFO] orchestrator: Phase 1 starting: /home/davidowoh/SelfCraft Media/Raw Videos/Recorded Classes/Youth Compass Guide/Week 3/Module 1/Lesson 1 - Test.mp4
2026-08-18 10:29:09,306 [INFO] orchestrator: Awaiting review: /home/davidowoh/SelfCraft Media/Review/Lesson 1 - Test.srt
2026-08-18 10:37:36,732 [INFO] orchestrator: Completed: /home/davidowoh/SelfCraft Media/Edited Videos/Lesson 1 - Test (Edited v3).mp4
2026-08-18 10:41:48,822 [INFO] orchestrator: Phase 1 starting: /home/davidowoh/SelfCraft Media/Raw Videos/Recorded Classes/Youth Compass Guide/Week 3/Module 1/Lesson 1 - Test.mp4
2026-08-18 10:42:06,549 [INFO] orchestrator: Awaiting review: /home/davidowoh/SelfCraft Media/Review/Lesson 1 - Test.srt
2026-08-18 10:46:34,149 [INFO] orchestrator: Completed: /home/davidowoh/SelfCraft Media/Edited Videos/Lesson 1 - Test (Edited v4).mp4
2026-08-18 10:57:15,170 [INFO] orchestrator: Phase 1 starting: /home/davidowoh/SelfCraft Media/Raw Videos/Recorded Classes/Youth Compass Guide/Week 3/Module 1/Lesson 1 - Test.mp4
2026-08-18 10:57:37,726 [INFO] orchestrator: Awaiting review: /home/davidowoh/SelfCraft Media/Review/Lesson 1 - Test.srt
2026-08-18 10:58:10,145 [INFO] orchestrator: Phase 1 starting: /home/davidowoh/SelfCraft Media/Raw Videos/Recorded Classes/Youth Compass Guide/Week 3/Module 1/Lesson 1 - Test.mp4
2026-08-18 10:58:29,088 [INFO] orchestrator: Awaiting review: /home/davidowoh/SelfCraft Media/Review/Lesson 1 - Test.srt
2026-08-18 13:28:33,476 [INFO] orchestrator: Phase 1 starting: /home/davidowoh/SelfCraft Media/Raw Videos/Recorded Classes/Youth Compass Guide/Week 3/Module 1/Lesson 1 - Test.mp4
2026-08-18 13:28:54,663 [INFO] orchestrator: Awaiting review: /home/davidowoh/SelfCraft Media/Review/Lesson 1 - Test.srt
2026-08-18 13:29:01,720 [INFO] orchestrator: Phase 1 starting: /home/davidowoh/SelfCraft Media/Raw Videos/Recorded Classes/Youth Compass Guide/Week 3/Module 1/Lesson 1 - Test.mp4
2026-08-18 13:29:18,446 [INFO] orchestrator: Awaiting review: /home/davidowoh/SelfCraft Media/Review/Lesson 1 - Test.srt
2026-08-18 13:31:23,644 [INFO] orchestrator: Phase 1 starting: /home/davidowoh/SelfCraft Media/Raw Videos/Recorded Classes/Youth Compass Guide/Week 3/Module 1/Lesson 1 - Test.mp4
2026-08-18 13:31:40,887 [INFO] orchestrator: Awaiting review: /home/davidowoh/SelfCraft Media/Review/Lesson 1 - Test.srt
2026-08-18 13:31:52,351 [INFO] orchestrator: Phase 1 starting: /home/davidowoh/SelfCraft Media/Raw Videos/Recorded Classes/Youth Compass Guide/Week 3/Module 1/Lesson 1 - Test.mp4
2026-08-18 13:32:10,871 [INFO] orchestrator: Awaiting review: /home/davidowoh/SelfCraft Media/Review/Lesson 1 - Test.srt
2026-08-18 13:39:45,265 [INFO] orchestrator: Phase 1 starting: /home/davidowoh/SelfCraft Media/Raw Videos/Recorded Classes/Youth Compass Guide/Week 3/Module 1/Lesson 1 - Test.mp4
2026-08-18 13:40:02,731 [INFO] orchestrator: Awaiting review: /home/davidowoh/SelfCraft Media/Review/Lesson 1 - Test.srt
2026-08-18 19:05:47,571 [INFO] orchestrator: Phase 1 starting: /home/davidowoh/SelfCraft Media/Raw Videos/Recorded Classes/Youth Compass Guide/Week 3/Module 1/Lesson 1 - Test.mp4
2026-08-18 19:06:11,011 [INFO] orchestrator: Awaiting review: /home/davidowoh/SelfCraft Media/Review/Lesson 1 - Test.srt
2026-08-18 19:18:30,175 [INFO] orchestrator: Completed: /home/davidowoh/SelfCraft Media/Edited Videos/Lesson 1 - Test (Edited v5).mp4
2026-08-18 19:40:07,032 [INFO] orchestrator: Phase 1 starting: /home/davidowoh/SelfCraft Media/Raw Videos/Recorded Classes/Youth Compass Guide/Week 3/Module 1/Lesson 1 - Test.mp4
2026-08-18 19:40:44,436 [INFO] orchestrator: Awaiting review: /home/davidowoh/SelfCraft Media/Review/Lesson 1 - Test.srt
2026-08-18 19:50:03,327 [INFO] orchestrator: Completed: /home/davidowoh/SelfCraft Media/Edited Videos/Lesson 1 - Test (Edited v6).mp4
2026-08-18 19:51:13,098 [INFO] orchestrator: Phase 1 starting: /home/davidowoh/SelfCraft Media/Raw Videos/Recorded Classes/Youth Compass Guide/Week 3/Module 1/f4975fd2e15d4282b643b0d26d635ccc.mp4
2026-08-18 19:51:51,029 [INFO] orchestrator: Awaiting review: /home/davidowoh/SelfCraft Media/Review/f4975fd2e15d4282b643b0d26d635ccc.srt
