2026-08-25 14:54:44,903 [INFO] orchestrator: Phase 1 starting: /home/davidowoh/SelfCraft Media/Raw Videos/Recorded Classes/Youth Compass Guide/Week 3/Module 1/2c180e5fc83a43828560ef620be6e613 (Copy).mp4
2026-08-25 14:57:28,916 [INFO] orchestrator: Awaiting review: /home/davidowoh/SelfCraft Media/Review/2c180e5fc83a43828560ef620be6e613 (Copy).srt
2026-08-25 15:00:37,129 [INFO] orchestrator: Completed: /home/davidowoh/SelfCraft Media/Edited Videos/2c180e5fc83a43828560ef620be6e613 (Copy) (Edited v2).mp4
2026-08-25 15:01:44,939 [INFO] orchestrator: Phase 1 starting: /home/davidowoh/SelfCraft Media/Raw Videos/Recorded Classes/Youth Compass Guide/Week 3/Module 1/2c180e5fc83a43828560ef620be6e613 (Copy).mp4
2026-08-25 15:04:21,505 [INFO] orchestrator: Awaiting review: /home/davidowoh/SelfCraft Media/Review/2c180e5fc83a43828560ef620be6e613 (Copy).srt
2026-08-25 17:45:18,972 [INFO] orchestrator: Phase 1 starting: /home/davidowoh/SelfCraft Media/Raw Videos/Recorded Classes/Youth Compass Guide/Week 3/Module 1/Lesson 1 - Test.mp4
2026-08-25 17:47:52,781 [INFO] orchestrator: Awaiting review: /home/davidowoh/SelfCraft Media/Review/Lesson 1 - Test.srt
2026-08-25 17:49:01,400 [INFO] orchestrator: Phase 1 starting: /home/davidowoh/SelfCraft Media/Raw Videos/Recorded Classes/Youth Compass Guide/Week 3/Module 1/Lesson 1 - Test (Copy).mp4
2026-08-25 17:51:19,160 [INFO] orchestrator: Awaiting review: /home/davidowoh/SelfCraft Media/Review/Lesson 1 - Test (Copy).srt
2026-08-25 18:12:03,597 [INFO] orchestrator: Phase 1 starting: /home/davidowoh/SelfCraft Media/Raw Videos/Recorded Classes/Youth Compass Guide/Week 3/Module 1/f4975fd2e15d4282b643b0d26d635ccc.mp4
2026-08-25 18:15:06,868 [INFO] orchestrator: Awaiting review: /home/davidowoh/SelfCraft Media/Review/f4975fd2e15d4282b643b0d26d635ccc.srt
2026-08-25 18:25:25,278 [INFO] orchestrator: Completed: /home/davidowoh/SelfCraft Media/Edited Videos/2c180e5fc83a43828560ef620be6e613 (Copy) (Edited v3).mp4
2026-08-25 18:27:51,370 [INFO] orchestrator: Completed: /home/davidowoh/SelfCraft Media/Edited Videos/Lesson 1 - Test (Edited v8).mp4
2026-08-25 18:32:06,725 [INFO] orchestrator: Completed: /home/davidowoh/SelfCraft Media/Edited Videos/f4975fd2e15d4282b643b0d26d635ccc (Edited v5).mp4
2026-08-25 18:32:32,226 [INFO] orchestrator: Completed: /home/davidowoh/SelfCraft Media/Edited Videos/Lesson 1 - Test (Copy) (Edited v4).mp4
2026-08-25 18:34:54,238 [INFO] orchestrator: Phase 1 starting: /home/davidowoh/SelfCraft Media/Raw Videos/Teaching Reels/teaching 2 (Copy).mp4
2026-08-25 18:38:02,733 [INFO] orchestrator: Awaiting review: /home/davidowoh/SelfCraft Media/Review/teaching 2 (Copy).srt
2026-08-25 19:14:01,938 [INFO] orchestrator: Completed: /home/davidowoh/SelfCraft Media/Edited Videos/teaching 2 (Copy) (Edited).mp4
2026-08-25 19:25:51,984 [INFO] orchestrator: Phase 1 starting: /home/davidowoh/SelfCraft Media/Raw Videos/Recorded Classes/Youth Compass Guide/Week 3/Module 1/Lesson 1 - Test.mp4
2026-08-25 19:28:36,729 [INFO] orchestrator: Awaiting review: /home/davidowoh/SelfCraft Media/Review/Lesson 1 - Test.srt
2026-08-25 19:31:24,663 [INFO] orchestrator: Completed: /home/davidowoh/SelfCraft Media/Edited Videos/Lesson 1 - Test (Edited v9).mp4
2026-08-25 19:32:31,895 [INFO] orchestrator: Phase 1 starting: /home/davidowoh/SelfCraft Media/Raw Videos/Recorded Classes/Youth Compass Guide/Week 3/Module 1/2c180e5fc83a43828560ef620be6e613 (Copy).mp4
2026-08-25 19:35:09,551 [INFO] orchestrator: Awaiting review: /home/davidowoh/SelfCraft Media/Review/2c180e5fc83a43828560ef620be6e613 (Copy).srt
2026-08-25 19:43:10,888 [INFO] orchestrator: Completed: /home/davidowoh/SelfCraft Media/Edited Videos/2c180e5fc83a43828560ef620be6e613 (Copy) (Edited v4).mp4
2026-08-25 20:12:42,168 [INFO] orchestrator: Phase 1 starting: /home/davidowoh/SelfCraft Media/Raw Videos/Recorded Classes/Youth Compass Guide/Week 3/Module 1/2c180e5fc83a43828560ef620be6e613 (Copy).mp4
2026-08-25 20:15:10,986 [INFO] orchestrator: Awaiting review: /home/davidowoh/SelfCraft Media/Review/2c180e5fc83a43828560ef620be6e613 (Copy).srt
2026-08-25 20:30:31,777 [INFO] orchestrator: Completed: /home/davidowoh/SelfCraft Media/Edited Videos/2c180e5fc83a43828560ef620be6e613 (Copy) (Edited v5).mp4
